[2026-08-20T18:24:51.101+0000] {local_task_job_runner.py:123} INFO - ::group::Pre task execution logs
[2026-08-20T18:24:51.114+0000] {taskinstance.py:2613} INFO - Dependencies all met for dep_context=non-requeueable deps ti=<TaskInstance: financial_reconciliation_pipeline.upload_orders_to_bronze manual__2026-08-20T18:19:38.637735+00:00 [queued]>
[2026-08-20T18:24:51.122+0000] {taskinstance.py:2613} INFO - Dependencies all met for dep_context=requeueable deps ti=<TaskInstance: financial_reconciliation_pipeline.upload_orders_to_bronze manual__2026-08-20T18:19:38.637735+00:00 [queued]>
[2026-08-20T18:24:51.125+0000] {taskinstance.py:2866} INFO - Starting attempt 2 of 2
[2026-08-20T18:24:51.137+0000] {taskinstance.py:2889} INFO - Executing <Task(LocalFilesystemToS3Operator): upload_orders_to_bronze> on 2026-08-20 18:19:38.637735+00:00
[2026-08-20T18:24:51.144+0000] {standard_task_runner.py:72} INFO - Started process 271 to run task
[2026-08-20T18:24:51.148+0000] {standard_task_runner.py:104} INFO - Running: ['***', 'tasks', 'run', 'financial_reconciliation_pipeline', 'upload_orders_to_bronze', 'manual__2026-08-20T18:19:38.637735+00:00', '--job-id', '8', '--raw', '--subdir', 'DAGS_FOLDER/reconciliation_dag.py', '--cfg-path', '/tmp/tmp4zjf304k']
[2026-08-20T18:24:51.153+0000] {standard_task_runner.py:105} INFO - Job 8: Subtask upload_orders_to_bronze
[2026-08-20T18:24:51.170+0000] {logging_mixin.py:190} WARNING - /home/***/.local/lib/python3.10/site-packages/***/settings.py:209 DeprecationWarning: The sql_alchemy_conn option in [core] has been moved to the sql_alchemy_conn option in [database] - the old setting has been used, but please update your config.
[2026-08-20T18:24:51.200+0000] {task_command.py:467} INFO - Running <TaskInstance: financial_reconciliation_pipeline.upload_orders_to_bronze manual__2026-08-20T18:19:38.637735+00:00 [running]> on host a9deb6f92820
[2026-08-20T18:24:51.253+0000] {taskinstance.py:3132} INFO - Exporting env vars: AIRFLOW_CTX_DAG_OWNER='***' AIRFLOW_CTX_DAG_ID='financial_reconciliation_pipeline' AIRFLOW_CTX_TASK_ID='upload_orders_to_bronze' AIRFLOW_CTX_EXECUTION_DATE='2026-08-20T18:19:38.637735+00:00' AIRFLOW_CTX_TRY_NUMBER='2' AIRFLOW_CTX_DAG_RUN_ID='manual__2026-08-20T18:19:38.637735+00:00'
[2026-08-20T18:24:51.257+0000] {taskinstance.py:731} INFO - ::endgroup::
[2026-08-20T18:24:51.276+0000] {base_aws.py:603} WARNING - Unable to find AWS Connection ID 'aws_default', switching to empty.
[2026-08-20T18:24:51.279+0000] {base_aws.py:177} INFO - No connection ID provided. Fallback on boto3 credential strategy (region_name=None). See: https://boto3.amazonaws.com/v1/documentation/api/latest/guide/configuration.html
[2026-08-20T18:24:51.476+0000] {credentials.py:1147} INFO - Found credentials in environment variables.
[2026-08-20T18:24:52.403+0000] {taskinstance.py:3311} ERROR - Task failed with exception
Traceback (most recent call last):
  File "/home/airflow/.local/lib/python3.10/site-packages/boto3/s3/transfer.py", line 372, in upload_file
    future.result()
  File "/home/airflow/.local/lib/python3.10/site-packages/s3transfer/futures.py", line 103, in result
    return self._coordinator.result()
  File "/home/airflow/.local/lib/python3.10/site-packages/s3transfer/futures.py", line 264, in result
    raise self._exception
  File "/home/airflow/.local/lib/python3.10/site-packages/s3transfer/tasks.py", line 135, in __call__
    return self._execute_main(kwargs)
  File "/home/airflow/.local/lib/python3.10/site-packages/s3transfer/tasks.py", line 158, in _execute_main
    return_value = self._main(**kwargs)
  File "/home/airflow/.local/lib/python3.10/site-packages/s3transfer/upload.py", line 796, in _main
    client.put_object(Bucket=bucket, Key=key, Body=body, **extra_args)
  File "/home/airflow/.local/lib/python3.10/site-packages/botocore/client.py", line 569, in _api_call
    return self._make_api_call(operation_name, kwargs)
  File "/home/airflow/.local/lib/python3.10/site-packages/botocore/client.py", line 1023, in _make_api_call
    raise error_class(parsed_response, operation_name)
botocore.exceptions.ClientError: An error occurred (InvalidAccessKeyId) when calling the PutObject operation: The AWS Access Key Id you provided does not exist in our records.

During handling of the above exception, another exception occurred:

Traceback (most recent call last):
  File "/home/airflow/.local/lib/python3.10/site-packages/airflow/models/taskinstance.py", line 767, in _execute_task
    result = _execute_callable(context=context, **execute_callable_kwargs)
  File "/home/airflow/.local/lib/python3.10/site-packages/airflow/models/taskinstance.py", line 733, in _execute_callable
    return ExecutionCallableRunner(
  File "/home/airflow/.local/lib/python3.10/site-packages/airflow/utils/operator_helpers.py", line 252, in run
    return self.func(*args, **kwargs)
  File "/home/airflow/.local/lib/python3.10/site-packages/airflow/models/baseoperator.py", line 422, in wrapper
    return func(self, *args, **kwargs)
  File "/home/airflow/.local/lib/python3.10/site-packages/airflow/providers/amazon/aws/transfers/local_to_s3.py", line 100, in execute
    s3_hook.load_file(
  File "/home/airflow/.local/lib/python3.10/site-packages/airflow/providers/amazon/aws/hooks/s3.py", line 152, in wrapper
    return func(*bound_args.args, **bound_args.kwargs)
  File "/home/airflow/.local/lib/python3.10/site-packages/airflow/providers/amazon/aws/hooks/s3.py", line 125, in wrapper
    return func(*bound_args.args, **bound_args.kwargs)
  File "/home/airflow/.local/lib/python3.10/site-packages/airflow/providers/amazon/aws/hooks/s3.py", line 1134, in load_file
    client.upload_file(
  File "/home/airflow/.local/lib/python3.10/site-packages/boto3/s3/inject.py", line 145, in upload_file
    return transfer.upload_file(
  File "/home/airflow/.local/lib/python3.10/site-packages/boto3/s3/transfer.py", line 378, in upload_file
    raise S3UploadFailedError(
boto3.exceptions.S3UploadFailedError: Failed to upload /opt/***/project/internal_orders.csv to s3-fintech-reconciliation-bronze/bronze/internal_orders.csv: An error occurred (InvalidAccessKeyId) when calling the PutObject operation: The AWS Access Key Id you provided does not exist in our records.
[2026-08-20T18:24:52.413+0000] {taskinstance.py:1225} INFO - Marking task as FAILED. dag_id=financial_reconciliation_pipeline, task_id=upload_orders_to_bronze, run_id=manual__2026-08-20T18:19:38.637735+00:00, execution_date=20260820T181938, start_date=20260820T182451, end_date=20260820T182452
[2026-08-20T18:24:52.448+0000] {taskinstance.py:340} INFO - ::group::Post task execution logs
[2026-08-20T18:24:52.451+0000] {standard_task_runner.py:124} ERROR - Failed to execute job 8 for task upload_orders_to_bronze (Failed to upload /opt/***/project/internal_orders.csv to s3-fintech-reconciliation-bronze/bronze/internal_orders.csv: An error occurred (InvalidAccessKeyId) when calling the PutObject operation: The AWS Access Key Id you provided does not exist in our records.; 271)
Traceback (most recent call last):
  File "/home/airflow/.local/lib/python3.10/site-packages/boto3/s3/transfer.py", line 372, in upload_file
    future.result()
  File "/home/airflow/.local/lib/python3.10/site-packages/s3transfer/futures.py", line 103, in result
    return self._coordinator.result()
  File "/home/airflow/.local/lib/python3.10/site-packages/s3transfer/futures.py", line 264, in result
    raise self._exception
  File "/home/airflow/.local/lib/python3.10/site-packages/s3transfer/tasks.py", line 135, in __call__
    return self._execute_main(kwargs)
  File "/home/airflow/.local/lib/python3.10/site-packages/s3transfer/tasks.py", line 158, in _execute_main
    return_value = self._main(**kwargs)
  File "/home/airflow/.local/lib/python3.10/site-packages/s3transfer/upload.py", line 796, in _main
    client.put_object(Bucket=bucket, Key=key, Body=body, **extra_args)
  File "/home/airflow/.local/lib/python3.10/site-packages/botocore/client.py", line 569, in _api_call
    return self._make_api_call(operation_name, kwargs)
  File "/home/airflow/.local/lib/python3.10/site-packages/botocore/client.py", line 1023, in _make_api_call
    raise error_class(parsed_response, operation_name)
botocore.exceptions.ClientError: An error occurred (InvalidAccessKeyId) when calling the PutObject operation: The AWS Access Key Id you provided does not exist in our records.

During handling of the above exception, another exception occurred:

Traceback (most recent call last):
  File "/home/airflow/.local/lib/python3.10/site-packages/airflow/task/task_runner/standard_task_runner.py", line 117, in _start_by_fork
    ret = args.func(args, dag=self.dag)
  File "/home/airflow/.local/lib/python3.10/site-packages/airflow/cli/cli_config.py", line 49, in command
    return func(*args, **kwargs)
  File "/home/airflow/.local/lib/python3.10/site-packages/airflow/utils/cli.py", line 116, in wrapper
    return f(*args, **kwargs)
  File "/home/airflow/.local/lib/python3.10/site-packages/airflow/cli/commands/task_command.py", line 483, in task_run
    task_return_code = _run_task_by_selected_method(args, _dag, ti)
  File "/home/airflow/.local/lib/python3.10/site-packages/airflow/cli/commands/task_command.py", line 256, in _run_task_by_selected_method
    return _run_raw_task(args, ti)
  File "/home/airflow/.local/lib/python3.10/site-packages/airflow/cli/commands/task_command.py", line 341, in _run_raw_task
    return ti._run_raw_task(
  File "/home/airflow/.local/lib/python3.10/site-packages/airflow/utils/session.py", line 97, in wrapper
    return func(*args, session=session, **kwargs)
  File "/home/airflow/.local/lib/python3.10/site-packages/airflow/models/taskinstance.py", line 3005, in _run_raw_task
    return _run_raw_task(
  File "/home/airflow/.local/lib/python3.10/site-packages/airflow/models/taskinstance.py", line 273, in _run_raw_task
    TaskInstance._execute_task_with_callbacks(
  File "/home/airflow/.local/lib/python3.10/site-packages/airflow/models/taskinstance.py", line 3159, in _execute_task_with_callbacks
    result = self._execute_task(context, task_orig)
  File "/home/airflow/.local/lib/python3.10/site-packages/airflow/models/taskinstance.py", line 3183, in _execute_task
    return _execute_task(self, context, task_orig)
  File "/home/airflow/.local/lib/python3.10/site-packages/airflow/models/taskinstance.py", line 767, in _execute_task
    result = _execute_callable(context=context, **execute_callable_kwargs)
  File "/home/airflow/.local/lib/python3.10/site-packages/airflow/models/taskinstance.py", line 733, in _execute_callable
    return ExecutionCallableRunner(
  File "/home/airflow/.local/lib/python3.10/site-packages/airflow/utils/operator_helpers.py", line 252, in run
    return self.func(*args, **kwargs)
  File "/home/airflow/.local/lib/python3.10/site-packages/airflow/models/baseoperator.py", line 422, in wrapper
    return func(self, *args, **kwargs)
  File "/home/airflow/.local/lib/python3.10/site-packages/airflow/providers/amazon/aws/transfers/local_to_s3.py", line 100, in execute
    s3_hook.load_file(
  File "/home/airflow/.local/lib/python3.10/site-packages/airflow/providers/amazon/aws/hooks/s3.py", line 152, in wrapper
    return func(*bound_args.args, **bound_args.kwargs)
  File "/home/airflow/.local/lib/python3.10/site-packages/airflow/providers/amazon/aws/hooks/s3.py", line 125, in wrapper
    return func(*bound_args.args, **bound_args.kwargs)
  File "/home/airflow/.local/lib/python3.10/site-packages/airflow/providers/amazon/aws/hooks/s3.py", line 1134, in load_file
    client.upload_file(
  File "/home/airflow/.local/lib/python3.10/site-packages/boto3/s3/inject.py", line 145, in upload_file
    return transfer.upload_file(
  File "/home/airflow/.local/lib/python3.10/site-packages/boto3/s3/transfer.py", line 378, in upload_file
    raise S3UploadFailedError(
boto3.exceptions.S3UploadFailedError: Failed to upload /opt/***/project/internal_orders.csv to s3-fintech-reconciliation-bronze/bronze/internal_orders.csv: An error occurred (InvalidAccessKeyId) when calling the PutObject operation: The AWS Access Key Id you provided does not exist in our records.
[2026-08-20T18:24:52.493+0000] {local_task_job_runner.py:266} INFO - Task exited with return code 1
[2026-08-20T18:24:52.516+0000] {taskinstance.py:3895} INFO - 0 downstream tasks scheduled from follow-on schedule check
[2026-08-20T18:24:52.522+0000] {local_task_job_runner.py:245} INFO - ::endgroup::
