[2026-08-20T19:41:39.279+0000] {local_task_job_runner.py:123} INFO - ::group::Pre task execution logs
[2026-08-20T19:41:39.288+0000] {taskinstance.py:2613} INFO - Dependencies all met for dep_context=non-requeueable deps ti=<TaskInstance: financial_reconciliation_pipeline.upload_orders_to_bronze manual__2026-08-20T19:41:07+00:00 [queued]>
[2026-08-20T19:41:39.293+0000] {taskinstance.py:2613} INFO - Dependencies all met for dep_context=requeueable deps ti=<TaskInstance: financial_reconciliation_pipeline.upload_orders_to_bronze manual__2026-08-20T19:41:07+00:00 [queued]>
[2026-08-20T19:41:39.295+0000] {taskinstance.py:2866} INFO - Starting attempt 1 of 2
[2026-08-20T19:41:39.302+0000] {taskinstance.py:2889} INFO - Executing <Task(LocalFilesystemToS3Operator): upload_orders_to_bronze> on 2026-08-20 19:41:07+00:00
[2026-08-20T19:41:39.307+0000] {standard_task_runner.py:72} INFO - Started process 138 to run task
[2026-08-20T19:41:39.310+0000] {standard_task_runner.py:104} INFO - Running: ['***', 'tasks', 'run', 'financial_reconciliation_pipeline', 'upload_orders_to_bronze', 'manual__2026-08-20T19:41:07+00:00', '--job-id', '4', '--raw', '--subdir', 'DAGS_FOLDER/reconciliation_dag.py', '--cfg-path', '/tmp/tmp8s5xr2tf']
[2026-08-20T19:41:39.313+0000] {standard_task_runner.py:105} INFO - Job 4: Subtask upload_orders_to_bronze
[2026-08-20T19:41:39.326+0000] {logging_mixin.py:190} WARNING - /home/***/.local/lib/python3.10/site-packages/***/settings.py:209 DeprecationWarning: The sql_alchemy_conn option in [core] has been moved to the sql_alchemy_conn option in [database] - the old setting has been used, but please update your config.
[2026-08-20T19:41:39.348+0000] {task_command.py:467} INFO - Running <TaskInstance: financial_reconciliation_pipeline.upload_orders_to_bronze manual__2026-08-20T19:41:07+00:00 [running]> on host ab27d702166c
[2026-08-20T19:41:39.394+0000] {taskinstance.py:3132} INFO - Exporting env vars: AIRFLOW_CTX_DAG_OWNER='***' AIRFLOW_CTX_DAG_ID='financial_reconciliation_pipeline' AIRFLOW_CTX_TASK_ID='upload_orders_to_bronze' AIRFLOW_CTX_EXECUTION_DATE='2026-08-20T19:41:07+00:00' AIRFLOW_CTX_TRY_NUMBER='1' AIRFLOW_CTX_DAG_RUN_ID='manual__2026-08-20T19:41:07+00:00'
[2026-08-20T19:41:39.396+0000] {taskinstance.py:731} INFO - ::endgroup::
[2026-08-20T19:41:39.410+0000] {base.py:84} INFO - Retrieving connection 'aws_default'
[2026-08-20T19:41:39.411+0000] {connection_wrapper.py:325} INFO - AWS Connection (conn_id='aws_default', conn_type='aws') credentials retrieved from login and password.
[2026-08-20T19:41:40.863+0000] {hook.py:208} WARNING - Data lineage tracking is disabled. Register a hook lineage reader to start tracking hook lineage.
[2026-08-20T19:41:40.873+0000] {taskinstance.py:340} INFO - ::group::Post task execution logs
[2026-08-20T19:41:40.876+0000] {taskinstance.py:352} INFO - Marking task as SUCCESS. dag_id=financial_reconciliation_pipeline, task_id=upload_orders_to_bronze, run_id=manual__2026-08-20T19:41:07+00:00, execution_date=20260820T194107, start_date=20260820T194139, end_date=20260820T194140
[2026-08-20T19:41:40.891+0000] {local_task_job_runner.py:266} INFO - Task exited with return code 0
[2026-08-20T19:41:40.905+0000] {taskinstance.py:3895} INFO - 0 downstream tasks scheduled from follow-on schedule check
[2026-08-20T19:41:40.911+0000] {local_task_job_runner.py:245} INFO - ::endgroup::
