[2026-08-20T19:41:47.557+0000] {local_task_job_runner.py:123} INFO - ::group::Pre task execution logs
[2026-08-20T19:41:47.566+0000] {taskinstance.py:2613} INFO - Dependencies all met for dep_context=non-requeueable deps ti=<TaskInstance: financial_reconciliation_pipeline.run_spark_processor scheduled__2026-08-19T00:00:00+00:00 [queued]>
[2026-08-20T19:41:47.571+0000] {taskinstance.py:2613} INFO - Dependencies all met for dep_context=requeueable deps ti=<TaskInstance: financial_reconciliation_pipeline.run_spark_processor scheduled__2026-08-19T00:00:00+00:00 [queued]>
[2026-08-20T19:41:47.573+0000] {taskinstance.py:2866} INFO - Starting attempt 1 of 2
[2026-08-20T19:41:47.580+0000] {taskinstance.py:2889} INFO - Executing <Task(BashOperator): run_spark_processor> on 2026-08-19 00:00:00+00:00
[2026-08-20T19:41:47.586+0000] {standard_task_runner.py:72} INFO - Started process 200 to run task
[2026-08-20T19:41:47.589+0000] {standard_task_runner.py:104} INFO - Running: ['***', 'tasks', 'run', 'financial_reconciliation_pipeline', 'run_spark_processor', 'scheduled__2026-08-19T00:00:00+00:00', '--job-id', '6', '--raw', '--subdir', 'DAGS_FOLDER/reconciliation_dag.py', '--cfg-path', '/tmp/tmp_dj84_n9']
[2026-08-20T19:41:47.593+0000] {standard_task_runner.py:105} INFO - Job 6: Subtask run_spark_processor
[2026-08-20T19:41:47.607+0000] {logging_mixin.py:190} WARNING - /home/***/.local/lib/python3.10/site-packages/***/settings.py:209 DeprecationWarning: The sql_alchemy_conn option in [core] has been moved to the sql_alchemy_conn option in [database] - the old setting has been used, but please update your config.
[2026-08-20T19:41:47.631+0000] {task_command.py:467} INFO - Running <TaskInstance: financial_reconciliation_pipeline.run_spark_processor scheduled__2026-08-19T00:00:00+00:00 [running]> on host ab27d702166c
[2026-08-20T19:41:47.633+0000] {logging_mixin.py:190} WARNING - /home/***/.local/lib/python3.10/site-packages/***/settings.py:470 DeprecationWarning: The sql_alchemy_conn option in [core] has been moved to the sql_alchemy_conn option in [database] - the old setting has been used, but please update your config.
[2026-08-20T19:41:47.674+0000] {taskinstance.py:3132} INFO - Exporting env vars: AIRFLOW_CTX_DAG_OWNER='***' AIRFLOW_CTX_DAG_ID='financial_reconciliation_pipeline' AIRFLOW_CTX_TASK_ID='run_spark_processor' AIRFLOW_CTX_EXECUTION_DATE='2026-08-19T00:00:00+00:00' AIRFLOW_CTX_TRY_NUMBER='1' AIRFLOW_CTX_DAG_RUN_ID='scheduled__2026-08-19T00:00:00+00:00'
[2026-08-20T19:41:47.676+0000] {taskinstance.py:731} INFO - ::endgroup::
[2026-08-20T19:41:47.684+0000] {subprocess.py:78} INFO - Tmp dir root location: /tmp
[2026-08-20T19:41:47.686+0000] {subprocess.py:88} INFO - Running command: ['/usr/bin/bash', '-c', 'python /opt/***/project/spark_processor.py']
[2026-08-20T19:41:47.694+0000] {subprocess.py:99} INFO - Output:
[2026-08-20T19:41:48.126+0000] {subprocess.py:106} INFO - /home/***/.local/lib/python3.10/site-packages/pyspark/bin/load-spark-env.sh: line 68: ps: command not found
[2026-08-20T19:41:49.263+0000] {subprocess.py:106} INFO - Setting default log level to "WARN".
[2026-08-20T19:41:49.266+0000] {subprocess.py:106} INFO - To adjust logging level use sc.setLogLevel(newLevel). For SparkR, use setLogLevel(newLevel).
[2026-08-20T19:41:49.417+0000] {subprocess.py:106} INFO - 26/08/20 19:41:49 WARN NativeCodeLoader: Unable to load native-hadoop library for your platform... using builtin-java classes where applicable
[2026-08-20T19:41:58.100+0000] {subprocess.py:106} INFO - [Stage 4:>                                                          (0 + 1) / 1]                                                                                [Stage 5:>                                                          (0 + 1) / 1]                                                                                PySpark processing completed.
[2026-08-20T19:41:58.470+0000] {subprocess.py:110} INFO - Command exited with return code 0
[2026-08-20T19:41:58.490+0000] {taskinstance.py:340} INFO - ::group::Post task execution logs
[2026-08-20T19:41:58.493+0000] {taskinstance.py:352} INFO - Marking task as SUCCESS. dag_id=financial_reconciliation_pipeline, task_id=run_spark_processor, run_id=scheduled__2026-08-19T00:00:00+00:00, execution_date=20260819T000000, start_date=20260820T194147, end_date=20260820T194158
[2026-08-20T19:41:58.544+0000] {local_task_job_runner.py:266} INFO - Task exited with return code 0
[2026-08-20T19:41:58.557+0000] {taskinstance.py:3895} INFO - 1 downstream tasks scheduled from follow-on schedule check
[2026-08-20T19:41:58.562+0000] {local_task_job_runner.py:245} INFO - ::endgroup::
