[2026-08-20T18:18:53.643+0000] {manager.py:483} INFO - Processing files using up to 2 processes at a time 
[2026-08-20T18:18:53.646+0000] {manager.py:484} INFO - Process each file at most once every 30 seconds
[2026-08-20T18:18:53.648+0000] {manager.py:485} INFO - Checking for new files in /opt/airflow/dags every 300 seconds
[2026-08-20T18:18:53.650+0000] {manager.py:821} INFO - Searching for files in /opt/airflow/dags
[2026-08-20T18:18:53.671+0000] {manager.py:824} INFO - There are 1 files in /opt/airflow/dags
[2026-08-20T18:18:54.763+0000] {manager.py:997} INFO - 
================================================================================
DAG File Processing Stats

File Path                                  PID  Runtime      # DAGs    # Errors  Last Runtime    Last Run      Last # of DB Queries
---------------------------------------  -----  ---------  --------  ----------  --------------  ----------  ----------------------
/opt/airflow/dags/reconciliation_dag.py     46  0.03s             0           0                                                   0
================================================================================
[2026-08-20T18:19:25.002+0000] {manager.py:997} INFO - 
================================================================================
DAG File Processing Stats

File Path                                PID    Runtime      # DAGs    # Errors  Last Runtime    Last Run               Last # of DB Queries
---------------------------------------  -----  ---------  --------  ----------  --------------  -------------------  ----------------------
/opt/airflow/dags/reconciliation_dag.py                           1           0  0.40s           2026-08-20T18:18:55                      45
================================================================================
[2026-08-20T18:19:55.851+0000] {manager.py:997} INFO - 
================================================================================
DAG File Processing Stats

File Path                                  PID  Runtime      # DAGs    # Errors  Last Runtime    Last Run               Last # of DB Queries
---------------------------------------  -----  ---------  --------  ----------  --------------  -------------------  ----------------------
/opt/airflow/dags/reconciliation_dag.py    172  0.01s             1           0  0.18s           2026-08-20T18:19:25                      12
================================================================================
[2026-08-20T18:20:26.261+0000] {manager.py:997} INFO - 
================================================================================
DAG File Processing Stats

File Path                                  PID  Runtime      # DAGs    # Errors  Last Runtime    Last Run               Last # of DB Queries
---------------------------------------  -----  ---------  --------  ----------  --------------  -------------------  ----------------------
/opt/airflow/dags/reconciliation_dag.py    173  0.01s             1           0  0.14s           2026-08-20T18:19:55                      12
================================================================================
[2026-08-20T18:20:56.602+0000] {manager.py:997} INFO - 
================================================================================
DAG File Processing Stats

File Path                                  PID  Runtime      # DAGs    # Errors  Last Runtime    Last Run               Last # of DB Queries
---------------------------------------  -----  ---------  --------  ----------  --------------  -------------------  ----------------------
/opt/airflow/dags/reconciliation_dag.py    174  0.01s             1           0  0.16s           2026-08-20T18:20:26                      12
================================================================================
[2026-08-20T18:21:26.944+0000] {manager.py:997} INFO - 
================================================================================
DAG File Processing Stats

File Path                                  PID  Runtime      # DAGs    # Errors  Last Runtime    Last Run               Last # of DB Queries
---------------------------------------  -----  ---------  --------  ----------  --------------  -------------------  ----------------------
/opt/airflow/dags/reconciliation_dag.py    175  0.01s             1           0  0.23s           2026-08-20T18:20:56                      12
================================================================================
[2026-08-20T18:21:57.391+0000] {manager.py:997} INFO - 
================================================================================
DAG File Processing Stats

File Path                                  PID  Runtime      # DAGs    # Errors  Last Runtime    Last Run               Last # of DB Queries
---------------------------------------  -----  ---------  --------  ----------  --------------  -------------------  ----------------------
/opt/airflow/dags/reconciliation_dag.py    176  0.01s             1           0  0.18s           2026-08-20T18:21:27                      12
================================================================================
[2026-08-20T18:22:27.732+0000] {manager.py:997} INFO - 
================================================================================
DAG File Processing Stats

File Path                                  PID  Runtime      # DAGs    # Errors  Last Runtime    Last Run               Last # of DB Queries
---------------------------------------  -----  ---------  --------  ----------  --------------  -------------------  ----------------------
/opt/airflow/dags/reconciliation_dag.py    177  0.01s             1           0  0.19s           2026-08-20T18:21:57                      12
================================================================================
[2026-08-20T18:22:58.118+0000] {manager.py:997} INFO - 
================================================================================
DAG File Processing Stats

File Path                                  PID  Runtime      # DAGs    # Errors  Last Runtime    Last Run               Last # of DB Queries
---------------------------------------  -----  ---------  --------  ----------  --------------  -------------------  ----------------------
/opt/airflow/dags/reconciliation_dag.py    178  0.01s             1           0  0.19s           2026-08-20T18:22:27                      12
================================================================================
[2026-08-20T18:23:28.352+0000] {manager.py:997} INFO - 
================================================================================
DAG File Processing Stats

File Path                                  PID  Runtime      # DAGs    # Errors  Last Runtime    Last Run               Last # of DB Queries
---------------------------------------  -----  ---------  --------  ----------  --------------  -------------------  ----------------------
/opt/airflow/dags/reconciliation_dag.py    179  0.01s             1           0  0.15s           2026-08-20T18:22:58                      12
================================================================================
[2026-08-20T18:23:53.658+0000] {manager.py:821} INFO - Searching for files in /opt/airflow/dags
[2026-08-20T18:23:53.685+0000] {manager.py:824} INFO - There are 1 files in /opt/airflow/dags
[2026-08-20T18:23:58.767+0000] {manager.py:997} INFO - 
================================================================================
DAG File Processing Stats

File Path                                  PID  Runtime      # DAGs    # Errors  Last Runtime    Last Run               Last # of DB Queries
---------------------------------------  -----  ---------  --------  ----------  --------------  -------------------  ----------------------
/opt/airflow/dags/reconciliation_dag.py    180  0.01s             1           0  0.14s           2026-08-20T18:23:28                      12
================================================================================
[2026-08-20T18:24:29.113+0000] {manager.py:997} INFO - 
================================================================================
DAG File Processing Stats

File Path                                  PID  Runtime      # DAGs    # Errors  Last Runtime    Last Run               Last # of DB Queries
---------------------------------------  -----  ---------  --------  ----------  --------------  -------------------  ----------------------
/opt/airflow/dags/reconciliation_dag.py    181  0.01s             1           0  0.17s           2026-08-20T18:23:58                      12
================================================================================
[2026-08-20T18:24:59.548+0000] {manager.py:997} INFO - 
================================================================================
DAG File Processing Stats

File Path                                  PID  Runtime      # DAGs    # Errors  Last Runtime    Last Run               Last # of DB Queries
---------------------------------------  -----  ---------  --------  ----------  --------------  -------------------  ----------------------
/opt/airflow/dags/reconciliation_dag.py    306  0.01s             1           0  0.16s           2026-08-20T18:24:29                      12
================================================================================
[2026-08-20T18:25:29.967+0000] {manager.py:997} INFO - 
================================================================================
DAG File Processing Stats

File Path                                  PID  Runtime      # DAGs    # Errors  Last Runtime    Last Run               Last # of DB Queries
---------------------------------------  -----  ---------  --------  ----------  --------------  -------------------  ----------------------
/opt/airflow/dags/reconciliation_dag.py    307  0.00s             1           0  0.17s           2026-08-20T18:24:59                      12
================================================================================
[2026-08-20T18:26:00.459+0000] {manager.py:997} INFO - 
================================================================================
DAG File Processing Stats

File Path                                  PID  Runtime      # DAGs    # Errors  Last Runtime    Last Run               Last # of DB Queries
---------------------------------------  -----  ---------  --------  ----------  --------------  -------------------  ----------------------
/opt/airflow/dags/reconciliation_dag.py    308  0.01s             1           0  0.40s           2026-08-20T18:25:30                      12
================================================================================
[2026-08-20T18:26:31.156+0000] {manager.py:997} INFO - 
================================================================================
DAG File Processing Stats

File Path                                  PID  Runtime      # DAGs    # Errors  Last Runtime    Last Run               Last # of DB Queries
---------------------------------------  -----  ---------  --------  ----------  --------------  -------------------  ----------------------
/opt/airflow/dags/reconciliation_dag.py    309  0.01s             1           0  0.41s           2026-08-20T18:26:00                      12
================================================================================
[2026-08-20T18:27:01.752+0000] {manager.py:997} INFO - 
================================================================================
DAG File Processing Stats

File Path                                  PID  Runtime      # DAGs    # Errors  Last Runtime    Last Run               Last # of DB Queries
---------------------------------------  -----  ---------  --------  ----------  --------------  -------------------  ----------------------
/opt/airflow/dags/reconciliation_dag.py    310  0.01s             1           0  0.26s           2026-08-20T18:26:31                      12
================================================================================
[2026-08-20T18:27:32.279+0000] {manager.py:997} INFO - 
================================================================================
DAG File Processing Stats

File Path                                  PID  Runtime      # DAGs    # Errors  Last Runtime    Last Run               Last # of DB Queries
---------------------------------------  -----  ---------  --------  ----------  --------------  -------------------  ----------------------
/opt/airflow/dags/reconciliation_dag.py    311  0.00s             1           0  0.37s           2026-08-20T18:27:02                      12
================================================================================
[2026-08-20T18:28:02.900+0000] {manager.py:997} INFO - 
================================================================================
DAG File Processing Stats

File Path                                  PID  Runtime      # DAGs    # Errors  Last Runtime    Last Run               Last # of DB Queries
---------------------------------------  -----  ---------  --------  ----------  --------------  -------------------  ----------------------
/opt/airflow/dags/reconciliation_dag.py    312  0.00s             1           0  0.35s           2026-08-20T18:27:32                      12
================================================================================
[2026-08-20T18:28:33.376+0000] {manager.py:997} INFO - 
================================================================================
DAG File Processing Stats

File Path                                  PID  Runtime      # DAGs    # Errors  Last Runtime    Last Run               Last # of DB Queries
---------------------------------------  -----  ---------  --------  ----------  --------------  -------------------  ----------------------
/opt/airflow/dags/reconciliation_dag.py    313  0.01s             1           0  0.37s           2026-08-20T18:28:03                      12
================================================================================
[2026-08-20T18:28:53.866+0000] {manager.py:821} INFO - Searching for files in /opt/airflow/dags
[2026-08-20T18:28:53.990+0000] {manager.py:824} INFO - There are 1 files in /opt/airflow/dags
[2026-08-20T18:29:04.151+0000] {manager.py:997} INFO - 
================================================================================
DAG File Processing Stats

File Path                                  PID  Runtime      # DAGs    # Errors  Last Runtime    Last Run               Last # of DB Queries
---------------------------------------  -----  ---------  --------  ----------  --------------  -------------------  ----------------------
/opt/airflow/dags/reconciliation_dag.py    314  0.01s             1           0  0.32s           2026-08-20T18:28:33                      12
================================================================================
[2026-08-20T18:29:34.521+0000] {manager.py:997} INFO - 
================================================================================
DAG File Processing Stats

File Path                                  PID  Runtime      # DAGs    # Errors  Last Runtime    Last Run               Last # of DB Queries
---------------------------------------  -----  ---------  --------  ----------  --------------  -------------------  ----------------------
/opt/airflow/dags/reconciliation_dag.py    315  0.01s             1           0  0.16s           2026-08-20T18:29:04                      12
================================================================================
[2026-08-20T18:30:04.950+0000] {manager.py:997} INFO - 
================================================================================
DAG File Processing Stats

File Path                                  PID  Runtime      # DAGs    # Errors  Last Runtime    Last Run               Last # of DB Queries
---------------------------------------  -----  ---------  --------  ----------  --------------  -------------------  ----------------------
/opt/airflow/dags/reconciliation_dag.py    316  0.00s             1           0  0.21s           2026-08-20T18:29:34                      12
================================================================================
[2026-08-20T18:30:35.315+0000] {manager.py:997} INFO - 
================================================================================
DAG File Processing Stats

File Path                                  PID  Runtime      # DAGs    # Errors  Last Runtime    Last Run               Last # of DB Queries
---------------------------------------  -----  ---------  --------  ----------  --------------  -------------------  ----------------------
/opt/airflow/dags/reconciliation_dag.py    317  0.01s             1           0  0.24s           2026-08-20T18:30:05                      12
================================================================================
[2026-08-20T18:31:05.752+0000] {manager.py:997} INFO - 
================================================================================
DAG File Processing Stats

File Path                                  PID  Runtime      # DAGs    # Errors  Last Runtime    Last Run               Last # of DB Queries
---------------------------------------  -----  ---------  --------  ----------  --------------  -------------------  ----------------------
/opt/airflow/dags/reconciliation_dag.py    318  0.00s             1           0  0.21s           2026-08-20T18:30:35                      12
================================================================================
[2026-08-20T18:31:36.057+0000] {manager.py:997} INFO - 
================================================================================
DAG File Processing Stats

File Path                                  PID  Runtime      # DAGs    # Errors  Last Runtime    Last Run               Last # of DB Queries
---------------------------------------  -----  ---------  --------  ----------  --------------  -------------------  ----------------------
/opt/airflow/dags/reconciliation_dag.py    319  0.01s             1           0  0.16s           2026-08-20T18:31:05                      12
================================================================================
[2026-08-20T18:32:06.418+0000] {manager.py:997} INFO - 
================================================================================
DAG File Processing Stats

File Path                                  PID  Runtime      # DAGs    # Errors  Last Runtime    Last Run               Last # of DB Queries
---------------------------------------  -----  ---------  --------  ----------  --------------  -------------------  ----------------------
/opt/airflow/dags/reconciliation_dag.py    320  0.01s             1           0  0.16s           2026-08-20T18:31:36                      12
================================================================================
[2026-08-20T18:32:36.735+0000] {manager.py:997} INFO - 
================================================================================
DAG File Processing Stats

File Path                                  PID  Runtime      # DAGs    # Errors  Last Runtime    Last Run               Last # of DB Queries
---------------------------------------  -----  ---------  --------  ----------  --------------  -------------------  ----------------------
/opt/airflow/dags/reconciliation_dag.py    321  0.01s             1           0  0.16s           2026-08-20T18:32:06                      12
================================================================================
[2026-08-20T18:33:07.179+0000] {manager.py:997} INFO - 
================================================================================
DAG File Processing Stats

File Path                                  PID  Runtime      # DAGs    # Errors  Last Runtime    Last Run               Last # of DB Queries
---------------------------------------  -----  ---------  --------  ----------  --------------  -------------------  ----------------------
/opt/airflow/dags/reconciliation_dag.py    322  0.01s             1           0  0.18s           2026-08-20T18:32:36                      12
================================================================================
[2026-08-20T18:33:29.493+0000] {manager.py:465} INFO - Exiting gracefully upon receiving signal 15
[2026-08-20T19:40:24.548+0000] {manager.py:483} INFO - Processing files using up to 2 processes at a time 
[2026-08-20T19:40:24.553+0000] {manager.py:484} INFO - Process each file at most once every 30 seconds
[2026-08-20T19:40:24.556+0000] {manager.py:485} INFO - Checking for new files in /opt/airflow/dags every 300 seconds
[2026-08-20T19:40:24.558+0000] {manager.py:821} INFO - Searching for files in /opt/airflow/dags
[2026-08-20T19:40:24.599+0000] {manager.py:824} INFO - There are 1 files in /opt/airflow/dags
[2026-08-20T19:40:25.442+0000] {manager.py:997} INFO - 
================================================================================
DAG File Processing Stats

File Path                                  PID  Runtime      # DAGs    # Errors  Last Runtime    Last Run      Last # of DB Queries
---------------------------------------  -----  ---------  --------  ----------  --------------  ----------  ----------------------
/opt/airflow/dags/reconciliation_dag.py     46  0.03s             0           0                                                   0
================================================================================
[2026-08-20T19:40:55.610+0000] {manager.py:997} INFO - 
================================================================================
DAG File Processing Stats

File Path                                PID    Runtime      # DAGs    # Errors  Last Runtime    Last Run               Last # of DB Queries
---------------------------------------  -----  ---------  --------  ----------  --------------  -------------------  ----------------------
/opt/airflow/dags/reconciliation_dag.py                           1           0  0.37s           2026-08-20T19:40:25                      45
================================================================================
[2026-08-20T19:41:26.250+0000] {manager.py:997} INFO - 
================================================================================
DAG File Processing Stats

File Path                                  PID  Runtime      # DAGs    # Errors  Last Runtime    Last Run               Last # of DB Queries
---------------------------------------  -----  ---------  --------  ----------  --------------  -------------------  ----------------------
/opt/airflow/dags/reconciliation_dag.py     48  0.01s             1           0  0.14s           2026-08-20T19:40:56                      12
================================================================================
[2026-08-20T19:41:56.544+0000] {manager.py:997} INFO - 
================================================================================
DAG File Processing Stats

File Path                                  PID  Runtime      # DAGs    # Errors  Last Runtime    Last Run               Last # of DB Queries
---------------------------------------  -----  ---------  --------  ----------  --------------  -------------------  ----------------------
/opt/airflow/dags/reconciliation_dag.py    491  0.01s             1           0  0.13s           2026-08-20T19:41:26                      12
================================================================================
[2026-08-20T19:42:26.804+0000] {manager.py:997} INFO - 
================================================================================
DAG File Processing Stats

File Path                                  PID  Runtime      # DAGs    # Errors  Last Runtime    Last Run               Last # of DB Queries
---------------------------------------  -----  ---------  --------  ----------  --------------  -------------------  ----------------------
/opt/airflow/dags/reconciliation_dag.py   1031  0.01s             1           0  0.15s           2026-08-20T19:41:56                      12
================================================================================
[2026-08-20T19:42:57.165+0000] {manager.py:997} INFO - 
================================================================================
DAG File Processing Stats

File Path                                  PID  Runtime      # DAGs    # Errors  Last Runtime    Last Run               Last # of DB Queries
---------------------------------------  -----  ---------  --------  ----------  --------------  -------------------  ----------------------
/opt/airflow/dags/reconciliation_dag.py   1032  0.01s             1           0  0.10s           2026-08-20T19:42:26                      12
================================================================================
[2026-08-20T19:43:27.459+0000] {manager.py:997} INFO - 
================================================================================
DAG File Processing Stats

File Path                                  PID  Runtime      # DAGs    # Errors  Last Runtime    Last Run               Last # of DB Queries
---------------------------------------  -----  ---------  --------  ----------  --------------  -------------------  ----------------------
/opt/airflow/dags/reconciliation_dag.py   1033  0.00s             1           0  0.24s           2026-08-20T19:42:57                      12
================================================================================
[2026-08-20T19:43:57.723+0000] {manager.py:997} INFO - 
================================================================================
DAG File Processing Stats

File Path                                  PID  Runtime      # DAGs    # Errors  Last Runtime    Last Run               Last # of DB Queries
---------------------------------------  -----  ---------  --------  ----------  --------------  -------------------  ----------------------
/opt/airflow/dags/reconciliation_dag.py   1034  0.00s             1           0  0.10s           2026-08-20T19:43:27                      12
================================================================================
[2026-08-20T19:44:28.048+0000] {manager.py:997} INFO - 
================================================================================
DAG File Processing Stats

File Path                                  PID  Runtime      # DAGs    # Errors  Last Runtime    Last Run               Last # of DB Queries
---------------------------------------  -----  ---------  --------  ----------  --------------  -------------------  ----------------------
/opt/airflow/dags/reconciliation_dag.py   1035  0.00s             1           0  0.09s           2026-08-20T19:43:57                      12
================================================================================
[2026-08-20T19:44:58.320+0000] {manager.py:997} INFO - 
================================================================================
DAG File Processing Stats

File Path                                  PID  Runtime      # DAGs    # Errors  Last Runtime    Last Run               Last # of DB Queries
---------------------------------------  -----  ---------  --------  ----------  --------------  -------------------  ----------------------
/opt/airflow/dags/reconciliation_dag.py   1036  0.01s             1           0  0.10s           2026-08-20T19:44:28                      12
================================================================================
[2026-08-20T19:45:24.653+0000] {manager.py:821} INFO - Searching for files in /opt/airflow/dags
[2026-08-20T19:45:24.670+0000] {manager.py:824} INFO - There are 1 files in /opt/airflow/dags
[2026-08-20T19:45:28.590+0000] {manager.py:997} INFO - 
================================================================================
DAG File Processing Stats

File Path                                  PID  Runtime      # DAGs    # Errors  Last Runtime    Last Run               Last # of DB Queries
---------------------------------------  -----  ---------  --------  ----------  --------------  -------------------  ----------------------
/opt/airflow/dags/reconciliation_dag.py   1037  0.00s             1           0  0.17s           2026-08-20T19:44:58                      12
================================================================================
[2026-08-20T19:45:58.878+0000] {manager.py:997} INFO - 
================================================================================
DAG File Processing Stats

File Path                                  PID  Runtime      # DAGs    # Errors  Last Runtime    Last Run               Last # of DB Queries
---------------------------------------  -----  ---------  --------  ----------  --------------  -------------------  ----------------------
/opt/airflow/dags/reconciliation_dag.py   1038  0.01s             1           0  0.10s           2026-08-20T19:45:28                      12
================================================================================
[2026-08-20T19:46:29.214+0000] {manager.py:997} INFO - 
================================================================================
DAG File Processing Stats

File Path                                  PID  Runtime      # DAGs    # Errors  Last Runtime    Last Run               Last # of DB Queries
---------------------------------------  -----  ---------  --------  ----------  --------------  -------------------  ----------------------
/opt/airflow/dags/reconciliation_dag.py   1039  0.00s             1           0  0.10s           2026-08-20T19:45:58                      12
================================================================================
[2026-08-20T19:46:59.562+0000] {manager.py:997} INFO - 
================================================================================
DAG File Processing Stats

File Path                                  PID  Runtime      # DAGs    # Errors  Last Runtime    Last Run               Last # of DB Queries
---------------------------------------  -----  ---------  --------  ----------  --------------  -------------------  ----------------------
/opt/airflow/dags/reconciliation_dag.py   1040  0.00s             1           0  0.10s           2026-08-20T19:46:29                      12
================================================================================
[2026-08-20T19:47:29.864+0000] {manager.py:997} INFO - 
================================================================================
DAG File Processing Stats

File Path                                  PID  Runtime      # DAGs    # Errors  Last Runtime    Last Run               Last # of DB Queries
---------------------------------------  -----  ---------  --------  ----------  --------------  -------------------  ----------------------
/opt/airflow/dags/reconciliation_dag.py   1099  0.00s             1           0  0.09s           2026-08-20T19:46:59                      12
================================================================================
[2026-08-20T19:48:00.177+0000] {manager.py:997} INFO - 
================================================================================
DAG File Processing Stats

File Path                                  PID  Runtime      # DAGs    # Errors  Last Runtime    Last Run               Last # of DB Queries
---------------------------------------  -----  ---------  --------  ----------  --------------  -------------------  ----------------------
/opt/airflow/dags/reconciliation_dag.py   1100  0.01s             1           0  0.09s           2026-08-20T19:47:29                      12
================================================================================
[2026-08-20T19:48:30.464+0000] {manager.py:997} INFO - 
================================================================================
DAG File Processing Stats

File Path                                  PID  Runtime      # DAGs    # Errors  Last Runtime    Last Run               Last # of DB Queries
---------------------------------------  -----  ---------  --------  ----------  --------------  -------------------  ----------------------
/opt/airflow/dags/reconciliation_dag.py   1101  0.00s             1           0  0.13s           2026-08-20T19:48:00                      12
================================================================================
[2026-08-20T19:49:00.774+0000] {manager.py:997} INFO - 
================================================================================
DAG File Processing Stats

File Path                                  PID  Runtime      # DAGs    # Errors  Last Runtime    Last Run               Last # of DB Queries
---------------------------------------  -----  ---------  --------  ----------  --------------  -------------------  ----------------------
/opt/airflow/dags/reconciliation_dag.py   1102  0.00s             1           0  0.10s           2026-08-20T19:48:30                      12
================================================================================
[2026-08-20T19:49:31.061+0000] {manager.py:997} INFO - 
================================================================================
DAG File Processing Stats

File Path                                  PID  Runtime      # DAGs    # Errors  Last Runtime    Last Run               Last # of DB Queries
---------------------------------------  -----  ---------  --------  ----------  --------------  -------------------  ----------------------
/opt/airflow/dags/reconciliation_dag.py   1103  0.00s             1           0  0.09s           2026-08-20T19:49:00                      12
================================================================================
[2026-08-20T19:50:01.327+0000] {manager.py:997} INFO - 
================================================================================
DAG File Processing Stats

File Path                                  PID  Runtime      # DAGs    # Errors  Last Runtime    Last Run               Last # of DB Queries
---------------------------------------  -----  ---------  --------  ----------  --------------  -------------------  ----------------------
/opt/airflow/dags/reconciliation_dag.py   1104  0.00s             1           0  0.09s           2026-08-20T19:49:31                      12
================================================================================
[2026-08-20T19:50:25.552+0000] {manager.py:821} INFO - Searching for files in /opt/airflow/dags
[2026-08-20T19:50:25.575+0000] {manager.py:824} INFO - There are 1 files in /opt/airflow/dags
[2026-08-20T19:50:31.663+0000] {manager.py:997} INFO - 
================================================================================
DAG File Processing Stats

File Path                                  PID  Runtime      # DAGs    # Errors  Last Runtime    Last Run               Last # of DB Queries
---------------------------------------  -----  ---------  --------  ----------  --------------  -------------------  ----------------------
/opt/airflow/dags/reconciliation_dag.py   1105  0.00s             1           0  0.15s           2026-08-20T19:50:01                      12
================================================================================
[2026-08-20T19:51:01.938+0000] {manager.py:997} INFO - 
================================================================================
DAG File Processing Stats

File Path                                  PID  Runtime      # DAGs    # Errors  Last Runtime    Last Run               Last # of DB Queries
---------------------------------------  -----  ---------  --------  ----------  --------------  -------------------  ----------------------
/opt/airflow/dags/reconciliation_dag.py   1106  0.00s             1           0  0.09s           2026-08-20T19:50:31                      12
================================================================================
[2026-08-20T19:51:32.274+0000] {manager.py:997} INFO - 
================================================================================
DAG File Processing Stats

File Path                                  PID  Runtime      # DAGs    # Errors  Last Runtime    Last Run               Last # of DB Queries
---------------------------------------  -----  ---------  --------  ----------  --------------  -------------------  ----------------------
/opt/airflow/dags/reconciliation_dag.py   1107  0.01s             1           0  0.10s           2026-08-20T19:51:02                      12
================================================================================
[2026-08-20T19:52:02.606+0000] {manager.py:997} INFO - 
================================================================================
DAG File Processing Stats

File Path                                  PID  Runtime      # DAGs    # Errors  Last Runtime    Last Run               Last # of DB Queries
---------------------------------------  -----  ---------  --------  ----------  --------------  -------------------  ----------------------
/opt/airflow/dags/reconciliation_dag.py   1108  0.00s             1           0  0.09s           2026-08-20T19:51:32                      12
================================================================================
[2026-08-20T19:52:32.922+0000] {manager.py:997} INFO - 
================================================================================
DAG File Processing Stats

File Path                                  PID  Runtime      # DAGs    # Errors  Last Runtime    Last Run               Last # of DB Queries
---------------------------------------  -----  ---------  --------  ----------  --------------  -------------------  ----------------------
/opt/airflow/dags/reconciliation_dag.py   1109  0.00s             1           0  0.09s           2026-08-20T19:52:02                      12
================================================================================
[2026-08-20T19:53:03.238+0000] {manager.py:997} INFO - 
================================================================================
DAG File Processing Stats

File Path                                  PID  Runtime      # DAGs    # Errors  Last Runtime    Last Run               Last # of DB Queries
---------------------------------------  -----  ---------  --------  ----------  --------------  -------------------  ----------------------
/opt/airflow/dags/reconciliation_dag.py   1110  0.00s             1           0  0.10s           2026-08-20T19:52:33                      12
================================================================================
[2026-08-20T19:53:33.592+0000] {manager.py:997} INFO - 
================================================================================
DAG File Processing Stats

File Path                                  PID  Runtime      # DAGs    # Errors  Last Runtime    Last Run               Last # of DB Queries
---------------------------------------  -----  ---------  --------  ----------  --------------  -------------------  ----------------------
/opt/airflow/dags/reconciliation_dag.py   1111  0.00s             1           0  0.10s           2026-08-20T19:53:03                      12
================================================================================
[2026-08-20T19:54:03.876+0000] {manager.py:997} INFO - 
================================================================================
DAG File Processing Stats

File Path                                  PID  Runtime      # DAGs    # Errors  Last Runtime    Last Run               Last # of DB Queries
---------------------------------------  -----  ---------  --------  ----------  --------------  -------------------  ----------------------
/opt/airflow/dags/reconciliation_dag.py   1112  0.00s             1           0  0.09s           2026-08-20T19:53:33                      12
================================================================================
[2026-08-20T19:54:34.203+0000] {manager.py:997} INFO - 
================================================================================
DAG File Processing Stats

File Path                                  PID  Runtime      # DAGs    # Errors  Last Runtime    Last Run               Last # of DB Queries
---------------------------------------  -----  ---------  --------  ----------  --------------  -------------------  ----------------------
/opt/airflow/dags/reconciliation_dag.py   1113  0.00s             1           0  0.09s           2026-08-20T19:54:03                      12
================================================================================
[2026-08-20T19:55:04.473+0000] {manager.py:997} INFO - 
================================================================================
DAG File Processing Stats

File Path                                  PID  Runtime      # DAGs    # Errors  Last Runtime    Last Run               Last # of DB Queries
---------------------------------------  -----  ---------  --------  ----------  --------------  -------------------  ----------------------
/opt/airflow/dags/reconciliation_dag.py   1114  0.00s             1           0  0.08s           2026-08-20T19:54:34                      12
================================================================================
[2026-08-20T19:55:25.740+0000] {manager.py:821} INFO - Searching for files in /opt/airflow/dags
[2026-08-20T19:55:25.768+0000] {manager.py:824} INFO - There are 1 files in /opt/airflow/dags
[2026-08-20T19:55:34.897+0000] {manager.py:997} INFO - 
================================================================================
DAG File Processing Stats

File Path                                  PID  Runtime      # DAGs    # Errors  Last Runtime    Last Run               Last # of DB Queries
---------------------------------------  -----  ---------  --------  ----------  --------------  -------------------  ----------------------
/opt/airflow/dags/reconciliation_dag.py   1115  0.00s             1           0  0.09s           2026-08-20T19:55:04                      12
================================================================================
[2026-08-20T19:56:05.139+0000] {manager.py:997} INFO - 
================================================================================
DAG File Processing Stats

File Path                                  PID  Runtime      # DAGs    # Errors  Last Runtime    Last Run               Last # of DB Queries
---------------------------------------  -----  ---------  --------  ----------  --------------  -------------------  ----------------------
/opt/airflow/dags/reconciliation_dag.py   1116  0.00s             1           0  0.22s           2026-08-20T19:55:35                      12
================================================================================
[2026-08-20T19:56:35.611+0000] {manager.py:997} INFO - 
================================================================================
DAG File Processing Stats

File Path                                  PID  Runtime      # DAGs    # Errors  Last Runtime    Last Run               Last # of DB Queries
---------------------------------------  -----  ---------  --------  ----------  --------------  -------------------  ----------------------
/opt/airflow/dags/reconciliation_dag.py   1117  0.01s             1           0  0.23s           2026-08-20T19:56:05                      12
================================================================================
[2026-08-20T19:57:05.860+0000] {manager.py:997} INFO - 
================================================================================
DAG File Processing Stats

File Path                                  PID  Runtime      # DAGs    # Errors  Last Runtime    Last Run               Last # of DB Queries
---------------------------------------  -----  ---------  --------  ----------  --------------  -------------------  ----------------------
/opt/airflow/dags/reconciliation_dag.py   1118  0.00s             1           0  0.18s           2026-08-20T19:56:35                      12
================================================================================
[2026-08-20T19:57:36.295+0000] {manager.py:997} INFO - 
================================================================================
DAG File Processing Stats

File Path                                  PID  Runtime      # DAGs    # Errors  Last Runtime    Last Run               Last # of DB Queries
---------------------------------------  -----  ---------  --------  ----------  --------------  -------------------  ----------------------
/opt/airflow/dags/reconciliation_dag.py   1119  0.01s             1           0  0.15s           2026-08-20T19:57:06                      12
================================================================================
[2026-08-20T19:58:06.586+0000] {manager.py:997} INFO - 
================================================================================
DAG File Processing Stats

File Path                                  PID  Runtime      # DAGs    # Errors  Last Runtime    Last Run               Last # of DB Queries
---------------------------------------  -----  ---------  --------  ----------  --------------  -------------------  ----------------------
/opt/airflow/dags/reconciliation_dag.py   1120  0.01s             1           0  0.13s           2026-08-20T19:57:36                      12
================================================================================
[2026-08-20T19:58:36.917+0000] {manager.py:997} INFO - 
================================================================================
DAG File Processing Stats

File Path                                  PID  Runtime      # DAGs    # Errors  Last Runtime    Last Run               Last # of DB Queries
---------------------------------------  -----  ---------  --------  ----------  --------------  -------------------  ----------------------
/opt/airflow/dags/reconciliation_dag.py   1121  0.00s             1           0  0.11s           2026-08-20T19:58:06                      12
================================================================================
[2026-08-20T19:59:07.170+0000] {manager.py:997} INFO - 
================================================================================
DAG File Processing Stats

File Path                                  PID  Runtime      # DAGs    # Errors  Last Runtime    Last Run               Last # of DB Queries
---------------------------------------  -----  ---------  --------  ----------  --------------  -------------------  ----------------------
/opt/airflow/dags/reconciliation_dag.py   1122  0.01s             1           0  0.13s           2026-08-20T19:58:37                      12
================================================================================
[2026-08-20T19:59:37.555+0000] {manager.py:997} INFO - 
================================================================================
DAG File Processing Stats

File Path                                  PID  Runtime      # DAGs    # Errors  Last Runtime    Last Run               Last # of DB Queries
---------------------------------------  -----  ---------  --------  ----------  --------------  -------------------  ----------------------
/opt/airflow/dags/reconciliation_dag.py   1123  0.01s             1           0  0.10s           2026-08-20T19:59:07                      12
================================================================================
[2026-08-20T20:00:07.805+0000] {manager.py:997} INFO - 
================================================================================
DAG File Processing Stats

File Path                                  PID  Runtime      # DAGs    # Errors  Last Runtime    Last Run               Last # of DB Queries
---------------------------------------  -----  ---------  --------  ----------  --------------  -------------------  ----------------------
/opt/airflow/dags/reconciliation_dag.py   1124  0.00s             1           0  0.14s           2026-08-20T19:59:37                      12
================================================================================
[2026-08-20T20:00:25.996+0000] {manager.py:821} INFO - Searching for files in /opt/airflow/dags
[2026-08-20T20:00:26.014+0000] {manager.py:824} INFO - There are 1 files in /opt/airflow/dags
[2026-08-20T20:00:38.155+0000] {manager.py:997} INFO - 
================================================================================
DAG File Processing Stats

File Path                                  PID  Runtime      # DAGs    # Errors  Last Runtime    Last Run               Last # of DB Queries
---------------------------------------  -----  ---------  --------  ----------  --------------  -------------------  ----------------------
/opt/airflow/dags/reconciliation_dag.py   1125  0.00s             1           0  0.10s           2026-08-20T20:00:07                      12
================================================================================
[2026-08-20T20:01:08.424+0000] {manager.py:997} INFO - 
================================================================================
DAG File Processing Stats

File Path                                  PID  Runtime      # DAGs    # Errors  Last Runtime    Last Run               Last # of DB Queries
---------------------------------------  -----  ---------  --------  ----------  --------------  -------------------  ----------------------
/opt/airflow/dags/reconciliation_dag.py   1126  0.00s             1           0  0.09s           2026-08-20T20:00:38                      12
================================================================================
[2026-08-20T20:01:38.703+0000] {manager.py:997} INFO - 
================================================================================
DAG File Processing Stats

File Path                                  PID  Runtime      # DAGs    # Errors  Last Runtime    Last Run               Last # of DB Queries
---------------------------------------  -----  ---------  --------  ----------  --------------  -------------------  ----------------------
/opt/airflow/dags/reconciliation_dag.py   1127  0.00s             1           0  0.11s           2026-08-20T20:01:08                      12
================================================================================
[2026-08-20T20:02:09.002+0000] {manager.py:997} INFO - 
================================================================================
DAG File Processing Stats

File Path                                  PID  Runtime      # DAGs    # Errors  Last Runtime    Last Run               Last # of DB Queries
---------------------------------------  -----  ---------  --------  ----------  --------------  -------------------  ----------------------
/opt/airflow/dags/reconciliation_dag.py   1128  0.00s             1           0  0.11s           2026-08-20T20:01:38                      12
================================================================================
[2026-08-20T20:02:39.287+0000] {manager.py:997} INFO - 
================================================================================
DAG File Processing Stats

File Path                                  PID  Runtime      # DAGs    # Errors  Last Runtime    Last Run               Last # of DB Queries
---------------------------------------  -----  ---------  --------  ----------  --------------  -------------------  ----------------------
/opt/airflow/dags/reconciliation_dag.py   1129  0.00s             1           0  0.16s           2026-08-20T20:02:09                      12
================================================================================
[2026-08-20T20:03:09.682+0000] {manager.py:997} INFO - 
================================================================================
DAG File Processing Stats

File Path                                  PID  Runtime      # DAGs    # Errors  Last Runtime    Last Run               Last # of DB Queries
---------------------------------------  -----  ---------  --------  ----------  --------------  -------------------  ----------------------
/opt/airflow/dags/reconciliation_dag.py   1130  0.00s             1           0  0.14s           2026-08-20T20:02:39                      12
================================================================================
[2026-08-20T20:03:40.010+0000] {manager.py:997} INFO - 
================================================================================
DAG File Processing Stats

File Path                                  PID  Runtime      # DAGs    # Errors  Last Runtime    Last Run               Last # of DB Queries
---------------------------------------  -----  ---------  --------  ----------  --------------  -------------------  ----------------------
/opt/airflow/dags/reconciliation_dag.py   1131  0.00s             1           0  0.10s           2026-08-20T20:03:09                      12
================================================================================
[2026-08-20T20:04:10.275+0000] {manager.py:997} INFO - 
================================================================================
DAG File Processing Stats

File Path                                  PID  Runtime      # DAGs    # Errors  Last Runtime    Last Run               Last # of DB Queries
---------------------------------------  -----  ---------  --------  ----------  --------------  -------------------  ----------------------
/opt/airflow/dags/reconciliation_dag.py   1132  0.00s             1           0  0.15s           2026-08-20T20:03:40                      12
================================================================================
[2026-08-20T20:04:40.526+0000] {manager.py:997} INFO - 
================================================================================
DAG File Processing Stats

File Path                                  PID  Runtime      # DAGs    # Errors  Last Runtime    Last Run               Last # of DB Queries
---------------------------------------  -----  ---------  --------  ----------  --------------  -------------------  ----------------------
/opt/airflow/dags/reconciliation_dag.py   1133  0.00s             1           0  0.10s           2026-08-20T20:04:10                      12
================================================================================
[2026-08-20T20:05:10.841+0000] {manager.py:997} INFO - 
================================================================================
DAG File Processing Stats

File Path                                  PID  Runtime      # DAGs    # Errors  Last Runtime    Last Run               Last # of DB Queries
---------------------------------------  -----  ---------  --------  ----------  --------------  -------------------  ----------------------
/opt/airflow/dags/reconciliation_dag.py   1134  0.00s             1           0  0.10s           2026-08-20T20:04:40                      12
================================================================================
[2026-08-20T20:05:26.101+0000] {manager.py:821} INFO - Searching for files in /opt/airflow/dags
[2026-08-20T20:05:26.116+0000] {manager.py:824} INFO - There are 1 files in /opt/airflow/dags
[2026-08-20T20:05:41.159+0000] {manager.py:997} INFO - 
================================================================================
DAG File Processing Stats

File Path                                  PID  Runtime      # DAGs    # Errors  Last Runtime    Last Run               Last # of DB Queries
---------------------------------------  -----  ---------  --------  ----------  --------------  -------------------  ----------------------
/opt/airflow/dags/reconciliation_dag.py   1135  0.00s             1           0  0.16s           2026-08-20T20:05:10                      12
================================================================================
[2026-08-20T20:06:11.493+0000] {manager.py:997} INFO - 
================================================================================
DAG File Processing Stats

File Path                                  PID  Runtime      # DAGs    # Errors  Last Runtime    Last Run               Last # of DB Queries
---------------------------------------  -----  ---------  --------  ----------  --------------  -------------------  ----------------------
/opt/airflow/dags/reconciliation_dag.py   1136  0.01s             1           0  0.11s           2026-08-20T20:05:41                      12
================================================================================
[2026-08-20T20:06:41.776+0000] {manager.py:997} INFO - 
================================================================================
DAG File Processing Stats

File Path                                  PID  Runtime      # DAGs    # Errors  Last Runtime    Last Run               Last # of DB Queries
---------------------------------------  -----  ---------  --------  ----------  --------------  -------------------  ----------------------
/opt/airflow/dags/reconciliation_dag.py   1137  0.00s             1           0  0.10s           2026-08-20T20:06:11                      12
================================================================================
[2026-08-20T20:07:12.112+0000] {manager.py:997} INFO - 
================================================================================
DAG File Processing Stats

File Path                                  PID  Runtime      # DAGs    # Errors  Last Runtime    Last Run               Last # of DB Queries
---------------------------------------  -----  ---------  --------  ----------  --------------  -------------------  ----------------------
/opt/airflow/dags/reconciliation_dag.py   1138  0.01s             1           0  0.10s           2026-08-20T20:06:41                      12
================================================================================
[2026-08-20T20:07:42.387+0000] {manager.py:997} INFO - 
================================================================================
DAG File Processing Stats

File Path                                  PID  Runtime      # DAGs    # Errors  Last Runtime    Last Run               Last # of DB Queries
---------------------------------------  -----  ---------  --------  ----------  --------------  -------------------  ----------------------
/opt/airflow/dags/reconciliation_dag.py   1139  0.00s             1           0  0.11s           2026-08-20T20:07:12                      12
================================================================================
[2026-08-20T20:08:12.660+0000] {manager.py:997} INFO - 
================================================================================
DAG File Processing Stats

File Path                                  PID  Runtime      # DAGs    # Errors  Last Runtime    Last Run               Last # of DB Queries
---------------------------------------  -----  ---------  --------  ----------  --------------  -------------------  ----------------------
/opt/airflow/dags/reconciliation_dag.py   1140  0.00s             1           0  0.10s           2026-08-20T20:07:42                      12
================================================================================
[2026-08-20T20:08:43.014+0000] {manager.py:997} INFO - 
================================================================================
DAG File Processing Stats

File Path                                  PID  Runtime      # DAGs    # Errors  Last Runtime    Last Run               Last # of DB Queries
---------------------------------------  -----  ---------  --------  ----------  --------------  -------------------  ----------------------
/opt/airflow/dags/reconciliation_dag.py   1141  0.01s             1           0  0.10s           2026-08-20T20:08:12                      12
================================================================================
[2026-08-20T20:09:13.299+0000] {manager.py:997} INFO - 
================================================================================
DAG File Processing Stats

File Path                                  PID  Runtime      # DAGs    # Errors  Last Runtime    Last Run               Last # of DB Queries
---------------------------------------  -----  ---------  --------  ----------  --------------  -------------------  ----------------------
/opt/airflow/dags/reconciliation_dag.py   1142  0.00s             1           0  0.16s           2026-08-20T20:08:43                      12
================================================================================
[2026-08-20T20:09:43.618+0000] {manager.py:997} INFO - 
================================================================================
DAG File Processing Stats

File Path                                  PID  Runtime      # DAGs    # Errors  Last Runtime    Last Run               Last # of DB Queries
---------------------------------------  -----  ---------  --------  ----------  --------------  -------------------  ----------------------
/opt/airflow/dags/reconciliation_dag.py   1143  0.00s             1           0  0.11s           2026-08-20T20:09:13                      12
================================================================================
[2026-08-20T20:10:13.902+0000] {manager.py:997} INFO - 
================================================================================
DAG File Processing Stats

File Path                                  PID  Runtime      # DAGs    # Errors  Last Runtime    Last Run               Last # of DB Queries
---------------------------------------  -----  ---------  --------  ----------  --------------  -------------------  ----------------------
/opt/airflow/dags/reconciliation_dag.py   1144  0.00s             1           0  0.11s           2026-08-20T20:09:43                      12
================================================================================
[2026-08-20T20:10:27.032+0000] {manager.py:821} INFO - Searching for files in /opt/airflow/dags
[2026-08-20T20:10:27.049+0000] {manager.py:824} INFO - There are 1 files in /opt/airflow/dags
[2026-08-20T20:10:44.217+0000] {manager.py:997} INFO - 
================================================================================
DAG File Processing Stats

File Path                                  PID  Runtime      # DAGs    # Errors  Last Runtime    Last Run               Last # of DB Queries
---------------------------------------  -----  ---------  --------  ----------  --------------  -------------------  ----------------------
/opt/airflow/dags/reconciliation_dag.py   1145  0.00s             1           0  0.09s           2026-08-20T20:10:13                      12
================================================================================
[2026-08-20T20:11:14.458+0000] {manager.py:997} INFO - 
================================================================================
DAG File Processing Stats

File Path                                  PID  Runtime      # DAGs    # Errors  Last Runtime    Last Run               Last # of DB Queries
---------------------------------------  -----  ---------  --------  ----------  --------------  -------------------  ----------------------
/opt/airflow/dags/reconciliation_dag.py   1146  0.00s             1           0  0.09s           2026-08-20T20:10:44                      12
================================================================================
[2026-08-20T20:11:44.763+0000] {manager.py:997} INFO - 
================================================================================
DAG File Processing Stats

File Path                                  PID  Runtime      # DAGs    # Errors  Last Runtime    Last Run               Last # of DB Queries
---------------------------------------  -----  ---------  --------  ----------  --------------  -------------------  ----------------------
/opt/airflow/dags/reconciliation_dag.py   1147  0.00s             1           0  0.10s           2026-08-20T20:11:14                      12
================================================================================
[2026-08-20T20:12:15.015+0000] {manager.py:997} INFO - 
================================================================================
DAG File Processing Stats

File Path                                  PID  Runtime      # DAGs    # Errors  Last Runtime    Last Run               Last # of DB Queries
---------------------------------------  -----  ---------  --------  ----------  --------------  -------------------  ----------------------
/opt/airflow/dags/reconciliation_dag.py   1148  0.00s             1           0  0.09s           2026-08-20T20:11:44                      12
================================================================================
[2026-08-20T20:12:45.345+0000] {manager.py:997} INFO - 
================================================================================
DAG File Processing Stats

File Path                                  PID  Runtime      # DAGs    # Errors  Last Runtime    Last Run               Last # of DB Queries
---------------------------------------  -----  ---------  --------  ----------  --------------  -------------------  ----------------------
/opt/airflow/dags/reconciliation_dag.py   1149  0.00s             1           0  0.12s           2026-08-20T20:12:15                      12
================================================================================
[2026-08-20T20:13:15.675+0000] {manager.py:997} INFO - 
================================================================================
DAG File Processing Stats

File Path                                  PID  Runtime      # DAGs    # Errors  Last Runtime    Last Run               Last # of DB Queries
---------------------------------------  -----  ---------  --------  ----------  --------------  -------------------  ----------------------
/opt/airflow/dags/reconciliation_dag.py   1150  0.00s             1           0  0.09s           2026-08-20T20:12:45                      12
================================================================================
[2026-08-20T20:13:45.925+0000] {manager.py:997} INFO - 
================================================================================
DAG File Processing Stats

File Path                                  PID  Runtime      # DAGs    # Errors  Last Runtime    Last Run               Last # of DB Queries
---------------------------------------  -----  ---------  --------  ----------  --------------  -------------------  ----------------------
/opt/airflow/dags/reconciliation_dag.py   1151  0.01s             1           0  0.12s           2026-08-20T20:13:15                      12
================================================================================
[2026-08-20T20:14:16.269+0000] {manager.py:997} INFO - 
================================================================================
DAG File Processing Stats

File Path                                  PID  Runtime      # DAGs    # Errors  Last Runtime    Last Run               Last # of DB Queries
---------------------------------------  -----  ---------  --------  ----------  --------------  -------------------  ----------------------
/opt/airflow/dags/reconciliation_dag.py   1152  0.00s             1           0  0.11s           2026-08-20T20:13:46                      12
================================================================================
[2026-08-20T20:14:46.551+0000] {manager.py:997} INFO - 
================================================================================
DAG File Processing Stats

File Path                                  PID  Runtime      # DAGs    # Errors  Last Runtime    Last Run               Last # of DB Queries
---------------------------------------  -----  ---------  --------  ----------  --------------  -------------------  ----------------------
/opt/airflow/dags/reconciliation_dag.py   1153  0.00s             1           0  0.12s           2026-08-20T20:14:16                      12
================================================================================
[2026-08-20T20:15:16.879+0000] {manager.py:997} INFO - 
================================================================================
DAG File Processing Stats

File Path                                  PID  Runtime      # DAGs    # Errors  Last Runtime    Last Run               Last # of DB Queries
---------------------------------------  -----  ---------  --------  ----------  --------------  -------------------  ----------------------
/opt/airflow/dags/reconciliation_dag.py   1154  0.00s             1           0  0.09s           2026-08-20T20:14:46                      12
================================================================================
[2026-08-20T20:15:27.181+0000] {manager.py:821} INFO - Searching for files in /opt/airflow/dags
[2026-08-20T20:15:27.205+0000] {manager.py:824} INFO - There are 1 files in /opt/airflow/dags
[2026-08-20T20:15:47.129+0000] {manager.py:997} INFO - 
================================================================================
DAG File Processing Stats

File Path                                  PID  Runtime      # DAGs    # Errors  Last Runtime    Last Run               Last # of DB Queries
---------------------------------------  -----  ---------  --------  ----------  --------------  -------------------  ----------------------
/opt/airflow/dags/reconciliation_dag.py   1155  0.00s             1           0  0.22s           2026-08-20T20:15:17                      12
================================================================================
[2026-08-20T20:16:17.366+0000] {manager.py:997} INFO - 
================================================================================
DAG File Processing Stats

File Path                                  PID  Runtime      # DAGs    # Errors  Last Runtime    Last Run               Last # of DB Queries
---------------------------------------  -----  ---------  --------  ----------  --------------  -------------------  ----------------------
/opt/airflow/dags/reconciliation_dag.py   1156  0.00s             1           0  0.13s           2026-08-20T20:15:47                      12
================================================================================
[2026-08-20T20:16:47.668+0000] {manager.py:997} INFO - 
================================================================================
DAG File Processing Stats

File Path                                  PID  Runtime      # DAGs    # Errors  Last Runtime    Last Run               Last # of DB Queries
---------------------------------------  -----  ---------  --------  ----------  --------------  -------------------  ----------------------
/opt/airflow/dags/reconciliation_dag.py   1157  0.00s             1           0  0.09s           2026-08-20T20:16:17                      12
================================================================================
[2026-08-20T20:17:17.943+0000] {manager.py:997} INFO - 
================================================================================
DAG File Processing Stats

File Path                                  PID  Runtime      # DAGs    # Errors  Last Runtime    Last Run               Last # of DB Queries
---------------------------------------  -----  ---------  --------  ----------  --------------  -------------------  ----------------------
/opt/airflow/dags/reconciliation_dag.py   1158  0.00s             1           0  0.12s           2026-08-20T20:16:47                      12
================================================================================
[2026-08-20T20:17:48.263+0000] {manager.py:997} INFO - 
================================================================================
DAG File Processing Stats

File Path                                  PID  Runtime      # DAGs    # Errors  Last Runtime    Last Run               Last # of DB Queries
---------------------------------------  -----  ---------  --------  ----------  --------------  -------------------  ----------------------
/opt/airflow/dags/reconciliation_dag.py   1159  0.00s             1           0  0.11s           2026-08-20T20:17:18                      12
================================================================================
[2026-08-20T20:18:18.565+0000] {manager.py:997} INFO - 
================================================================================
DAG File Processing Stats

File Path                                  PID  Runtime      # DAGs    # Errors  Last Runtime    Last Run               Last # of DB Queries
---------------------------------------  -----  ---------  --------  ----------  --------------  -------------------  ----------------------
/opt/airflow/dags/reconciliation_dag.py   1160  0.00s             1           0  0.10s           2026-08-20T20:17:48                      12
================================================================================
[2026-08-20T20:18:48.837+0000] {manager.py:997} INFO - 
================================================================================
DAG File Processing Stats

File Path                                  PID  Runtime      # DAGs    # Errors  Last Runtime    Last Run               Last # of DB Queries
---------------------------------------  -----  ---------  --------  ----------  --------------  -------------------  ----------------------
/opt/airflow/dags/reconciliation_dag.py   1161  0.00s             1           0  0.10s           2026-08-20T20:18:18                      12
================================================================================
[2026-08-20T20:19:19.244+0000] {manager.py:997} INFO - 
================================================================================
DAG File Processing Stats

File Path                                  PID  Runtime      # DAGs    # Errors  Last Runtime    Last Run               Last # of DB Queries
---------------------------------------  -----  ---------  --------  ----------  --------------  -------------------  ----------------------
/opt/airflow/dags/reconciliation_dag.py   1162  0.00s             1           0  0.10s           2026-08-20T20:18:48                      12
================================================================================
[2026-08-20T20:19:49.532+0000] {manager.py:997} INFO - 
================================================================================
DAG File Processing Stats

File Path                                  PID  Runtime      # DAGs    # Errors  Last Runtime    Last Run               Last # of DB Queries
---------------------------------------  -----  ---------  --------  ----------  --------------  -------------------  ----------------------
/opt/airflow/dags/reconciliation_dag.py   1163  0.00s             1           0  0.16s           2026-08-20T20:19:19                      12
================================================================================
[2026-08-20T20:20:19.852+0000] {manager.py:997} INFO - 
================================================================================
DAG File Processing Stats

File Path                                  PID  Runtime      # DAGs    # Errors  Last Runtime    Last Run               Last # of DB Queries
---------------------------------------  -----  ---------  --------  ----------  --------------  -------------------  ----------------------
/opt/airflow/dags/reconciliation_dag.py   1164  0.00s             1           0  0.10s           2026-08-20T20:19:49                      12
================================================================================
[2026-08-20T20:20:27.931+0000] {manager.py:821} INFO - Searching for files in /opt/airflow/dags
[2026-08-20T20:20:27.966+0000] {manager.py:824} INFO - There are 1 files in /opt/airflow/dags
[2026-08-20T20:20:50.174+0000] {manager.py:997} INFO - 
================================================================================
DAG File Processing Stats

File Path                                  PID  Runtime      # DAGs    # Errors  Last Runtime    Last Run               Last # of DB Queries
---------------------------------------  -----  ---------  --------  ----------  --------------  -------------------  ----------------------
/opt/airflow/dags/reconciliation_dag.py   1165  0.00s             1           0  0.14s           2026-08-20T20:20:19                      12
================================================================================
[2026-08-20T20:21:20.478+0000] {manager.py:997} INFO - 
================================================================================
DAG File Processing Stats

File Path                                  PID  Runtime      # DAGs    # Errors  Last Runtime    Last Run               Last # of DB Queries
---------------------------------------  -----  ---------  --------  ----------  --------------  -------------------  ----------------------
/opt/airflow/dags/reconciliation_dag.py   1166  0.00s             1           0  0.12s           2026-08-20T20:20:50                      12
================================================================================
[2026-08-20T20:21:50.791+0000] {manager.py:997} INFO - 
================================================================================
DAG File Processing Stats

File Path                                  PID  Runtime      # DAGs    # Errors  Last Runtime    Last Run               Last # of DB Queries
---------------------------------------  -----  ---------  --------  ----------  --------------  -------------------  ----------------------
/opt/airflow/dags/reconciliation_dag.py   1167  0.00s             1           0  0.13s           2026-08-20T20:21:20                      12
================================================================================
[2026-08-20T20:22:21.108+0000] {manager.py:997} INFO - 
================================================================================
DAG File Processing Stats

File Path                                  PID  Runtime      # DAGs    # Errors  Last Runtime    Last Run               Last # of DB Queries
---------------------------------------  -----  ---------  --------  ----------  --------------  -------------------  ----------------------
/opt/airflow/dags/reconciliation_dag.py   1168  0.00s             1           0  0.10s           2026-08-20T20:21:50                      12
================================================================================
[2026-08-20T20:22:51.434+0000] {manager.py:997} INFO - 
================================================================================
DAG File Processing Stats

File Path                                  PID  Runtime      # DAGs    # Errors  Last Runtime    Last Run               Last # of DB Queries
---------------------------------------  -----  ---------  --------  ----------  --------------  -------------------  ----------------------
/opt/airflow/dags/reconciliation_dag.py   1169  0.00s             1           0  0.16s           2026-08-20T20:22:21                      12
================================================================================
[2026-08-20T20:23:21.740+0000] {manager.py:997} INFO - 
================================================================================
DAG File Processing Stats

File Path                                PID    Runtime      # DAGs    # Errors  Last Runtime    Last Run               Last # of DB Queries
---------------------------------------  -----  ---------  --------  ----------  --------------  -------------------  ----------------------
/opt/airflow/dags/reconciliation_dag.py                           1           0  0.33s           2026-08-20T20:22:51                      12
================================================================================
[2026-08-20T20:23:52.307+0000] {manager.py:997} INFO - 
================================================================================
DAG File Processing Stats

File Path                                  PID  Runtime      # DAGs    # Errors  Last Runtime    Last Run               Last # of DB Queries
---------------------------------------  -----  ---------  --------  ----------  --------------  -------------------  ----------------------
/opt/airflow/dags/reconciliation_dag.py   1171  0.00s             1           0  0.11s           2026-08-20T20:23:22                      12
================================================================================
[2026-08-20T20:24:22.667+0000] {manager.py:997} INFO - 
================================================================================
DAG File Processing Stats

File Path                                  PID  Runtime      # DAGs    # Errors  Last Runtime    Last Run               Last # of DB Queries
---------------------------------------  -----  ---------  --------  ----------  --------------  -------------------  ----------------------
/opt/airflow/dags/reconciliation_dag.py   1172  0.01s             1           0  0.12s           2026-08-20T20:23:52                      12
================================================================================
[2026-08-20T20:24:52.945+0000] {manager.py:997} INFO - 
================================================================================
DAG File Processing Stats

File Path                                  PID  Runtime      # DAGs    # Errors  Last Runtime    Last Run               Last # of DB Queries
---------------------------------------  -----  ---------  --------  ----------  --------------  -------------------  ----------------------
/opt/airflow/dags/reconciliation_dag.py   1173  0.01s             1           0  0.23s           2026-08-20T20:24:22                      12
================================================================================
[2026-08-20T20:25:23.292+0000] {manager.py:997} INFO - 
================================================================================
DAG File Processing Stats

File Path                                  PID  Runtime      # DAGs    # Errors  Last Runtime    Last Run               Last # of DB Queries
---------------------------------------  -----  ---------  --------  ----------  --------------  -------------------  ----------------------
/opt/airflow/dags/reconciliation_dag.py   1174  0.00s             1           0  0.12s           2026-08-20T20:24:53                      12
================================================================================
[2026-08-20T20:25:28.362+0000] {manager.py:821} INFO - Searching for files in /opt/airflow/dags
[2026-08-20T20:25:28.595+0000] {manager.py:824} INFO - There are 1 files in /opt/airflow/dags
[2026-08-20T20:25:53.837+0000] {manager.py:997} INFO - 
================================================================================
DAG File Processing Stats

File Path                                  PID  Runtime      # DAGs    # Errors  Last Runtime    Last Run               Last # of DB Queries
---------------------------------------  -----  ---------  --------  ----------  --------------  -------------------  ----------------------
/opt/airflow/dags/reconciliation_dag.py   1175  0.00s             1           0  0.31s           2026-08-20T20:25:23                      12
================================================================================
[2026-08-20T20:26:24.073+0000] {manager.py:997} INFO - 
================================================================================
DAG File Processing Stats

File Path                                  PID  Runtime      # DAGs    # Errors  Last Runtime    Last Run               Last # of DB Queries
---------------------------------------  -----  ---------  --------  ----------  --------------  -------------------  ----------------------
/opt/airflow/dags/reconciliation_dag.py   1176  0.00s             1           0  0.10s           2026-08-20T20:25:53                      12
================================================================================
[2026-08-20T20:26:54.304+0000] {manager.py:997} INFO - 
================================================================================
DAG File Processing Stats

File Path                                  PID  Runtime      # DAGs    # Errors  Last Runtime    Last Run               Last # of DB Queries
---------------------------------------  -----  ---------  --------  ----------  --------------  -------------------  ----------------------
/opt/airflow/dags/reconciliation_dag.py   1177  0.00s             1           0  0.12s           2026-08-20T20:26:24                      12
================================================================================
[2026-08-20T20:27:12.778+0000] {manager.py:465} INFO - Exiting gracefully upon receiving signal 15
[2026-08-20T20:27:26.476+0000] {manager.py:483} INFO - Processing files using up to 2 processes at a time 
[2026-08-20T20:27:26.479+0000] {manager.py:484} INFO - Process each file at most once every 30 seconds
[2026-08-20T20:27:26.482+0000] {manager.py:485} INFO - Checking for new files in /opt/airflow/dags every 300 seconds
[2026-08-20T20:27:26.484+0000] {manager.py:821} INFO - Searching for files in /opt/airflow/dags
[2026-08-20T20:27:26.533+0000] {manager.py:824} INFO - There are 1 files in /opt/airflow/dags
[2026-08-20T20:27:27.262+0000] {manager.py:997} INFO - 
================================================================================
DAG File Processing Stats

File Path                                  PID  Runtime      # DAGs    # Errors  Last Runtime    Last Run      Last # of DB Queries
---------------------------------------  -----  ---------  --------  ----------  --------------  ----------  ----------------------
/opt/airflow/dags/reconciliation_dag.py     46  0.03s             0           0                                                   0
================================================================================
[2026-08-20T20:27:57.479+0000] {manager.py:997} INFO - 
================================================================================
DAG File Processing Stats

File Path                                  PID  Runtime      # DAGs    # Errors  Last Runtime    Last Run               Last # of DB Queries
---------------------------------------  -----  ---------  --------  ----------  --------------  -------------------  ----------------------
/opt/airflow/dags/reconciliation_dag.py     47  0.01s             1           0  0.17s           2026-08-20T20:27:27                      12
================================================================================
[2026-08-20T20:28:27.825+0000] {manager.py:997} INFO - 
================================================================================
DAG File Processing Stats

File Path                                  PID  Runtime      # DAGs    # Errors  Last Runtime    Last Run               Last # of DB Queries
---------------------------------------  -----  ---------  --------  ----------  --------------  -------------------  ----------------------
/opt/airflow/dags/reconciliation_dag.py     48  0.00s             1           0  0.16s           2026-08-20T20:27:57                      12
================================================================================
[2026-08-20T20:28:58.091+0000] {manager.py:997} INFO - 
================================================================================
DAG File Processing Stats

File Path                                  PID  Runtime      # DAGs    # Errors  Last Runtime    Last Run               Last # of DB Queries
---------------------------------------  -----  ---------  --------  ----------  --------------  -------------------  ----------------------
/opt/airflow/dags/reconciliation_dag.py     49  0.00s             1           0  0.12s           2026-08-20T20:28:27                      12
================================================================================
[2026-08-20T20:29:28.415+0000] {manager.py:997} INFO - 
================================================================================
DAG File Processing Stats

File Path                                  PID  Runtime      # DAGs    # Errors  Last Runtime    Last Run               Last # of DB Queries
---------------------------------------  -----  ---------  --------  ----------  --------------  -------------------  ----------------------
/opt/airflow/dags/reconciliation_dag.py     50  0.01s             1           0  0.10s           2026-08-20T20:28:58                      12
================================================================================
[2026-08-20T20:29:58.728+0000] {manager.py:997} INFO - 
================================================================================
DAG File Processing Stats

File Path                                  PID  Runtime      # DAGs    # Errors  Last Runtime    Last Run               Last # of DB Queries
---------------------------------------  -----  ---------  --------  ----------  --------------  -------------------  ----------------------
/opt/airflow/dags/reconciliation_dag.py     51  0.01s             1           0  0.12s           2026-08-20T20:29:28                      12
================================================================================
[2026-08-20T20:30:29.060+0000] {manager.py:997} INFO - 
================================================================================
DAG File Processing Stats

File Path                                  PID  Runtime      # DAGs    # Errors  Last Runtime    Last Run               Last # of DB Queries
---------------------------------------  -----  ---------  --------  ----------  --------------  -------------------  ----------------------
/opt/airflow/dags/reconciliation_dag.py     52  0.00s             1           0  0.09s           2026-08-20T20:29:58                      12
================================================================================
[2026-08-20T20:30:59.392+0000] {manager.py:997} INFO - 
================================================================================
DAG File Processing Stats

File Path                                  PID  Runtime      # DAGs    # Errors  Last Runtime    Last Run               Last # of DB Queries
---------------------------------------  -----  ---------  --------  ----------  --------------  -------------------  ----------------------
/opt/airflow/dags/reconciliation_dag.py     53  0.00s             1           0  0.09s           2026-08-20T20:30:29                      12
================================================================================
[2026-08-20T20:31:29.665+0000] {manager.py:997} INFO - 
================================================================================
DAG File Processing Stats

File Path                                  PID  Runtime      # DAGs    # Errors  Last Runtime    Last Run               Last # of DB Queries
---------------------------------------  -----  ---------  --------  ----------  --------------  -------------------  ----------------------
/opt/airflow/dags/reconciliation_dag.py     54  0.00s             1           0  0.09s           2026-08-20T20:30:59                      12
================================================================================
[2026-08-20T20:32:00.048+0000] {manager.py:997} INFO - 
================================================================================
DAG File Processing Stats

File Path                                  PID  Runtime      # DAGs    # Errors  Last Runtime    Last Run               Last # of DB Queries
---------------------------------------  -----  ---------  --------  ----------  --------------  -------------------  ----------------------
/opt/airflow/dags/reconciliation_dag.py     55  0.00s             1           0  0.10s           2026-08-20T20:31:29                      12
================================================================================
[2026-08-20T20:32:27.302+0000] {manager.py:821} INFO - Searching for files in /opt/airflow/dags
[2026-08-20T20:32:27.319+0000] {manager.py:824} INFO - There are 1 files in /opt/airflow/dags
[2026-08-20T20:32:30.390+0000] {manager.py:997} INFO - 
================================================================================
DAG File Processing Stats

File Path                                  PID  Runtime      # DAGs    # Errors  Last Runtime    Last Run               Last # of DB Queries
---------------------------------------  -----  ---------  --------  ----------  --------------  -------------------  ----------------------
/opt/airflow/dags/reconciliation_dag.py     56  0.00s             1           0  0.19s           2026-08-20T20:32:00                      12
================================================================================
[2026-08-20T20:33:00.683+0000] {manager.py:997} INFO - 
================================================================================
DAG File Processing Stats

File Path                                  PID  Runtime      # DAGs    # Errors  Last Runtime    Last Run               Last # of DB Queries
---------------------------------------  -----  ---------  --------  ----------  --------------  -------------------  ----------------------
/opt/airflow/dags/reconciliation_dag.py     57  0.00s             1           0  0.10s           2026-08-20T20:32:30                      12
================================================================================
[2026-08-20T20:33:31.011+0000] {manager.py:997} INFO - 
================================================================================
DAG File Processing Stats

File Path                                  PID  Runtime      # DAGs    # Errors  Last Runtime    Last Run               Last # of DB Queries
---------------------------------------  -----  ---------  --------  ----------  --------------  -------------------  ----------------------
/opt/airflow/dags/reconciliation_dag.py     58  0.00s             1           0  0.24s           2026-08-20T20:33:00                      12
================================================================================
[2026-08-20T20:34:01.258+0000] {manager.py:997} INFO - 
================================================================================
DAG File Processing Stats

File Path                                  PID  Runtime      # DAGs    # Errors  Last Runtime    Last Run               Last # of DB Queries
---------------------------------------  -----  ---------  --------  ----------  --------------  -------------------  ----------------------
/opt/airflow/dags/reconciliation_dag.py     59  0.01s             1           0  0.09s           2026-08-20T20:33:31                      12
================================================================================
[2026-08-20T20:34:31.579+0000] {manager.py:997} INFO - 
================================================================================
DAG File Processing Stats

File Path                                  PID  Runtime      # DAGs    # Errors  Last Runtime    Last Run               Last # of DB Queries
---------------------------------------  -----  ---------  --------  ----------  --------------  -------------------  ----------------------
/opt/airflow/dags/reconciliation_dag.py     60  0.00s             1           0  0.10s           2026-08-20T20:34:01                      12
================================================================================
[2026-08-20T20:35:01.873+0000] {manager.py:997} INFO - 
================================================================================
DAG File Processing Stats

File Path                                  PID  Runtime      # DAGs    # Errors  Last Runtime    Last Run               Last # of DB Queries
---------------------------------------  -----  ---------  --------  ----------  --------------  -------------------  ----------------------
/opt/airflow/dags/reconciliation_dag.py     61  0.00s             1           0  0.09s           2026-08-20T20:34:31                      12
================================================================================
